{
  "version": "1.5.0",
  "plugins_used": [
    {
      "name": "ArtifactoryDetector"
    },
    {
      "name": "AWSKeyDetector"
    },
    {
      "name": "AzureStorageKeyDetector"
    },
    {
      "name": "Base64HighEntropyString",
      "limit": 4.5
    },
    {
      "name": "BasicAuthDetector"
    },
    {
      "name": "CloudantDetector"
    },
    {
      "name": "DiscordBotTokenDetector"
    },
    {
      "name": "GitHubTokenDetector"
    },
    {
      "name": "GitLabTokenDetector"
    },
    {
      "name": "HexHighEntropyString",
      "limit": 3.0
    },
    {
      "name": "IbmCloudIamDetector"
    },
    {
      "name": "IbmCosHmacDetector"
    },
    {
      "name": "IPPublicDetector"
    },
    {
      "name": "JwtTokenDetector"
    },
    {
      "name": "KeywordDetector",
      "keyword_exclude": ""
    },
    {
      "name": "MailchimpDetector"
    },
    {
      "name": "NpmDetector"
    },
    {
      "name": "OpenAIDetector"
    },
    {
      "name": "PrivateKeyDetector"
    },
    {
      "name": "PypiTokenDetector"
    },
    {
      "name": "SendGridDetector"
    },
    {
      "name": "SlackDetector"
    },
    {
      "name": "SoftlayerDetector"
    },
    {
      "name": "SquareOAuthDetector"
    },
    {
      "name": "StripeDetector"
    },
    {
      "name": "TelegramBotTokenDetector"
    },
    {
      "name": "TwilioKeyDetector"
    }
  ],
  "filters_used": [
    {
      "path": "detect_secrets.filters.allowlist.is_line_allowlisted"
    },
    {
      "path": "detect_secrets.filters.common.is_baseline_file",
      "filename": ".secrets.baseline"
    },
    {
      "path": "detect_secrets.filters.common.is_ignored_due_to_verification_policies",
      "min_level": 2
    },
    {
      "path": "detect_secrets.filters.heuristic.is_indirect_reference"
    },
    {
      "path": "detect_secrets.filters.heuristic.is_likely_id_string"
    },
    {
      "path": "detect_secrets.filters.heuristic.is_lock_file"
    },
    {
      "path": "detect_secrets.filters.heuristic.is_not_alphanumeric_string"
    },
    {
      "path": "detect_secrets.filters.heuristic.is_potential_uuid"
    },
    {
      "path": "detect_secrets.filters.heuristic.is_prefixed_with_dollar_sign"
    },
    {
      "path": "detect_secrets.filters.heuristic.is_sequential_string"
    },
    {
      "path": "detect_secrets.filters.heuristic.is_swagger_file"
    },
    {
      "path": "detect_secrets.filters.heuristic.is_templated_secret"
    }
  ],
  "results": {
    ".kilo\\plans\\1783634993181-trudnik-consistency-fix.md": [
      {
        "type": "Secret Keyword",
        "filename": ".kilo\\plans\\1783634993181-trudnik-consistency-fix.md",
        "hashed_secret": "fe1bae27cb7c1fb823f496f286e78f1d2ae87734",
        "is_verified": false,
        "line_number": 61
      },
      {
        "type": "Secret Keyword",
        "filename": ".kilo\\plans\\1783634993181-trudnik-consistency-fix.md",
        "hashed_secret": "d4d1766ae6afd16a8fe0211aa56d4ac0e926f200",
        "is_verified": false,
        "line_number": 62
      }
    ],
    ".kilocode\\mcp.json": [
      {
        "type": "Hex High Entropy String",
        "filename": ".kilocode\\mcp.json",
        "hashed_secret": "daf29f1f4ff3e9fbfae91ed64a018825aa58d2a6",
        "is_verified": false,
        "line_number": 11
      },
      {
        "type": "Secret Keyword",
        "filename": ".kilocode\\mcp.json",
        "hashed_secret": "ed765635cbcc3bf1630f10b43d6598ea8492ebab",
        "is_verified": false,
        "line_number": 25
      },
      {
        "type": "Secret Keyword",
        "filename": ".kilocode\\mcp.json",
        "hashed_secret": "8253d237c3bd224e9e3317498433a4873b402917",
        "is_verified": false,
        "line_number": 121
      }
    ],
    ".kilocode\\skills\\fastapi-martinholovsky\\references\\advanced-patterns.md": [
      {
        "type": "Secret Keyword",
        "filename": ".kilocode\\skills\\fastapi-martinholovsky\\references\\advanced-patterns.md",
        "hashed_secret": "206c80413b9a96c1312cc346b7d2517b84463edd",
        "is_verified": false,
        "line_number": 167
      }
    ],
    ".kilocode\\skills\\supabase-postgres-best-practices\\references\\security-privileges.md": [
      {
        "type": "Secret Keyword",
        "filename": ".kilocode\\skills\\supabase-postgres-best-practices\\references\\security-privileges.md",
        "hashed_secret": "b60d121b438a380c343d5ec3c2037564b82ffef3",
        "is_verified": false,
        "line_number": 42
      }
    ],
    "archive\\env_trudnik_pr.env": [
      {
        "type": "Basic Auth Credentials",
        "filename": "archive\\env_trudnik_pr.env",
        "hashed_secret": "9ef29cd1281c4c0daed2cb7908163e7407ea39d2",
        "is_verified": false,
        "line_number": 7
      }
    ],
    "archive\\test_login_logout.py": [
      {
        "type": "Secret Keyword",
        "filename": "archive\\test_login_logout.py",
        "hashed_secret": "6e9f65a1afc8750a2e22d5d3a603ace0b4164acc",
        "is_verified": false,
        "line_number": 11
      }
    ],
    "archive\\test_pgrst_jwt.py": [
      {
        "type": "Hex High Entropy String",
        "filename": "archive\\test_pgrst_jwt.py",
        "hashed_secret": "db3a08416773488e5257eeebe504069c183185ee",
        "is_verified": false,
        "line_number": 11
      }
    ],
    "archive\\test_playwright_minimal.py": [
      {
        "type": "Secret Keyword",
        "filename": "archive\\test_playwright_minimal.py",
        "hashed_secret": "6e9f65a1afc8750a2e22d5d3a603ace0b4164acc",
        "is_verified": false,
        "line_number": 11
      }
    ],
    "scripts\\env_trudnik_app.env": [
      {
        "type": "Basic Auth Credentials",
        "filename": "scripts\\env_trudnik_app.env",
        "hashed_secret": "9ef29cd1281c4c0daed2cb7908163e7407ea39d2",
        "is_verified": false,
        "line_number": 19
      }
    ],
    "tests\\setup_test_users.py": [
      {
        "type": "Secret Keyword",
        "filename": "tests\\setup_test_users.py",
        "hashed_secret": "7288edd0fc3ffcbe93a0cf06e3568e28521687bc",
        "is_verified": false,
        "line_number": 13
      }
    ],
    "tests\\test_api.py": [
      {
        "type": "Secret Keyword",
        "filename": "tests\\test_api.py",
        "hashed_secret": "34ad4531592cb8f09eb6fdd15229ed5140ee45c0",
        "is_verified": false,
        "line_number": 166
      }
    ],
    "tests\\test_auth.py": [
      {
        "type": "Secret Keyword",
        "filename": "tests\\test_auth.py",
        "hashed_secret": "faf641eaf23fb7820bed028e658701c458991135",
        "is_verified": false,
        "line_number": 40
      }
    ],
    "tests\\test_b10_jwt_pwd_changed_at.py": [
      {
        "type": "Secret Keyword",
        "filename": "tests\\test_b10_jwt_pwd_changed_at.py",
        "hashed_secret": "ab856c6cfeb12971ac24349e83d17ad0c44c3590",
        "is_verified": false,
        "line_number": 70
      }
    ],
    "tests\\test_push_service.py": [
      {
        "type": "Secret Keyword",
        "filename": "tests\\test_push_service.py",
        "hashed_secret": "b46f7d1f5d62fe3a7164216984eabf1e5eaf5b7c",
        "is_verified": false,
        "line_number": 15
      }
    ],
    "tests\\test_websocket_server.py": [
      {
        "type": "Secret Keyword",
        "filename": "tests\\test_websocket_server.py",
        "hashed_secret": "b44440332e8eb669308f63ea9f2279591eea5c08",
        "is_verified": false,
        "line_number": 42
      }
    ],
    "trash\\supabase\\config.toml": [
      {
        "type": "Secret Keyword",
        "filename": "trash\\supabase\\config.toml",
        "hashed_secret": "48aac301e9be111dbb4849dd732ccb7d192dc053",
        "is_verified": false,
        "line_number": 57
      },
      {
        "type": "Secret Keyword",
        "filename": "trash\\supabase\\config.toml",
        "hashed_secret": "af913413f945c4eb11986826db51cd6d85c2f996",
        "is_verified": false,
        "line_number": 101
      },
      {
        "type": "Secret Keyword",
        "filename": "trash\\supabase\\config.toml",
        "hashed_secret": "7cb6efb98ba5972a9b5090dc2e517fe14d12cb04",
        "is_verified": false,
        "line_number": 228
      },
      {
        "type": "Secret Keyword",
        "filename": "trash\\supabase\\config.toml",
        "hashed_secret": "30c8249c0f2a25c5eecffceb0428715f274773ec",
        "is_verified": false,
        "line_number": 326
      },
      {
        "type": "Secret Keyword",
        "filename": "trash\\supabase\\config.toml",
        "hashed_secret": "d69adab9ea54bd310869061f85347474d740d467",
        "is_verified": false,
        "line_number": 405
      }
    ]
  },
  "generated_at": "2026-07-14T12:24:44Z"
}
